
<!DOCTYPE html>
    <html lang="en">
    <head>
        <title>My amazing blog!</title>
        <meta charset="UTF-8"/>
        <meta name="description" content="Blog's project" lang="en"/>
    </head>
    <body>
    <nav role="navigation">
        <div>
            <h1>My header</h1>
            <ul>
                <li><a href="/">home</a></li>
                <li><a href="about">about</a></li>
                <li><a href="archive">archive</a></li>
            </ul>
        </div>
    </nav>
    <main>

<ol><li><a href="/post/my-post">My post</a></li><li><a href="/post/my-post-2">MY POST 2</a></li></ol>

    </main>
    <footer>
        <ul>
            <li><a href="https://github.com/LightBulbfromSpace">My page on Github</a></li>
            <li><a href="https://github.com/LightBulbfromSpace/kld-go-learning">learning repository on GitHub</a></li>
        </ul>
    </footer>
    </body>
    </html>
